// Jest Snapshot v1, https://goo.gl/fbAQLP

exports[`<LoginScreen /> should to display the component 1`] = `
<div
  className="container pt-5"
>
  <h1
    className="text-center"
  >
     Login 
  </h1>
   
  <hr />
  <button
    className="btn btn-primary w-25 m-auto"
    onClick={[Function]}
  >
    Ingresar 
  </button>
   
</div>
`;
